node.exe : [1A[2K[2m[WebServer] [22m[33m[1mÔÜá[22m[39m The "middleware" file convention is deprecated. Please use "proxy" inste
ad. Learn more: https://nextjs.org/docs/messages/middleware-to-proxy
At line:1 char:1
+ & "C:\Program Files\nodejs/node.exe" "C:\Program Files\nodejs/node_mo ...
+ ~~~~~~~~~~~~~~~~~~~~~~~~~~~~~~~~~~~~~~~~~~~~~~~~~~~~~~~~~~~~~~~~~~~~~
    + CategoryInfo          : NotSpecified: ([1A[2K[2m[We...leware-to-proxy:String) [], RemoteException
    + FullyQualifiedErrorId : NativeCommandError
 

[dotenv@17.2.3] injecting env (0) from .env -- tip: Ôťů audit secrets and track compliance: https://dotenvx.com/ops

Running 3 tests using 3 workers

[1A[2K[dotenv@17.2.3] injecting env (0) from .env -- tip: Ôťů audit secrets and track compliance: https://dotenvx.com/ops

[1A[2K[1/3] [webkit] ÔÇ║ tests\ratelimit.spec.ts:22:7 ÔÇ║ Rate Limiting ÔÇ║ Admin can modify rate limits and they are enforced
[1A[2K[dotenv@17.2.3] injecting env (0) from .env -- tip: ­čĹą sync secrets across teammates & machines: https://dotenvx.com/ops

[1A[2K[dotenv@17.2.3] injecting env (0) from .env -- tip: Ôťů audit secrets and track compliance: https://dotenvx.com/ops

[1A[2K[2/3] [chromium] ÔÇ║ tests\ratelimit.spec.ts:22:7 ÔÇ║ Rate Limiting ÔÇ║ Admin can modify rate limits and they are enforced
[1A[2K[3/3] [firefox] ÔÇ║ tests\ratelimit.spec.ts:22:7 ÔÇ║ Rate Limiting ÔÇ║ Admin can modify rate limits and they are enforced
[1A[2K  1) [chromium] ÔÇ║ tests\ratelimit.spec.ts:22:7 ÔÇ║ Rate Limiting ÔÇ║ Admin can modify rate limits and they are enforced 

    Error: [2mexpect([22m[31mpage[39m[2m).[22mtoHaveURL[2m([22m[32mexpected[39m[2m)[22m failed

    Expected: [32m"http://localhost:3000/[7mlogin[27m"[39m
    Received: [31m"http://localhost:3000/[7mregister[27m"[39m
    Timeout:  5000ms

    Call log:
    [2m  - Expect "toHaveURL" with timeout 5000ms[22m
    [2m    9 ├Ś unexpected value "http://localhost:3000/register"[22m

        at C:\Users\Koncz\Documents\├Üj mappa (2)\nexu-webshop\tests\ratelimit.spec.ts:30:24)
        at C:\Users\Koncz\Documents\├Üj mappa (2)\nexu-webshop\node_modules\playwright\lib\worker\workerMain.js:322:9)
        at C:\Users\Koncz\Documents\├Üj mappa (2)\nexu-webshop\node_modules\playwright\lib\worker\testInfo.js:311:11)
        at C:\Users\Koncz\Documents\├Üj mappa (2)\nexu-webshop\node_modules\playwright\lib\worker\workerMain.js:320:7)

    Error Context: test-results\ratelimit-Rate-Limiting-Ad-f8dd3-imits-and-they-are-enforced-chromium\error-context.md


[1A[2K  2) [webkit] ÔÇ║ tests\ratelimit.spec.ts:22:7 ÔÇ║ Rate Limiting ÔÇ║ Admin can modify rate limits and they are enforced 

    Error: [2mexpect([22m[31mpage[39m[2m).[22mtoHaveURL[2m([22m[32mexpected[39m[2m)[22m failed

    Expected: [32m"http://localhost:3000/[7mlogin[27m"[39m
    Received: [31m"http://localhost:3000/[7mregister[27m"[39m
    Timeout:  5000ms

    Call log:
    [2m  - Expect "toHaveURL" with timeout 5000ms[22m
    [2m    9 ├Ś unexpected value "http://localhost:3000/register"[22m

        at C:\Users\Koncz\Documents\├Üj mappa (2)\nexu-webshop\tests\ratelimit.spec.ts:30:24)
        at C:\Users\Koncz\Documents\├Üj mappa (2)\nexu-webshop\node_modules\playwright\lib\worker\workerMain.js:322:9)
        at C:\Users\Koncz\Documents\├Üj mappa (2)\nexu-webshop\node_modules\playwright\lib\worker\testInfo.js:311:11)
        at C:\Users\Koncz\Documents\├Üj mappa (2)\nexu-webshop\node_modules\playwright\lib\worker\workerMain.js:320:7)

    Error Context: test-results\ratelimit-Rate-Limiting-Ad-f8dd3-imits-and-they-are-enforced-webkit\error-context.md


[1A[2K  3) [firefox] ÔÇ║ tests\ratelimit.spec.ts:22:7 ÔÇ║ Rate Limiting ÔÇ║ Admin can modify rate limits and they are enforced 

    Error: [2mexpect([22m[31mpage[39m[2m).[22mtoHaveURL[2m([22m[32mexpected[39m[2m)[22m failed

    Expected: [32m"http://localhost:3000/[7mlogin[27m"[39m
    Received: [31m"http://localhost:3000/[7mregister[27m"[39m
    Timeout:  5000ms

    Call log:
    [2m  - Expect "toHaveURL" with timeout 5000ms[22m
    [2m    9 ├Ś unexpected value "http://localhost:3000/register"[22m

        at C:\Users\Koncz\Documents\├Üj mappa (2)\nexu-webshop\tests\ratelimit.spec.ts:30:24)
        at C:\Users\Koncz\Documents\├Üj mappa (2)\nexu-webshop\node_modules\playwright\lib\worker\workerMain.js:322:9)
        at C:\Users\Koncz\Documents\├Üj mappa (2)\nexu-webshop\node_modules\playwright\lib\worker\testInfo.js:311:11)
        at C:\Users\Koncz\Documents\├Üj mappa (2)\nexu-webshop\node_modules\playwright\lib\worker\workerMain.js:320:7)

    Error Context: test-results\ratelimit-Rate-Limiting-Ad-f8dd3-imits-and-they-are-enforced-firefox\error-context.md


[1A[2K  3 failed
    [chromium] ÔÇ║ tests\ratelimit.spec.ts:22:7 ÔÇ║ Rate Limiting ÔÇ║ Admin can modify rate limits and they are enforced 
    [firefox] ÔÇ║ tests\ratelimit.spec.ts:22:7 ÔÇ║ Rate Limiting ÔÇ║ Admin can modify rate limits and they are enforced 
    [webkit] ÔÇ║ tests\ratelimit.spec.ts:22:7 ÔÇ║ Rate Limiting ÔÇ║ Admin can modify rate limits and they are enforced 

[36m  Serving HTML report at http://localhost:65435. Press Ctrl+C to quit.[39m
